// Jest Snapshot v1, https://goo.gl/fbAQLP

exports[`Example renders correctly  1`] = `
<DocumentFragment>
  <div>
    This is a test
  </div>
</DocumentFragment>
`;
