// Jest Snapshot v1, https://goo.gl/fbAQLP

exports[`ErrorProvider renders correctly  1`] = `
<DocumentFragment>
  Test
</DocumentFragment>
`;
